// Jest Snapshot v1, https://goo.gl/fbAQLP

exports[`Update Cypress Config should read existing config object 1`] = `
Object {
  "baseUrl": "blah its me",
  "component": Object {
    "chromeWebSecurity": false,
    "devServer": Object {
      "compiler": "babel",
      "tsConfig": "tsconfig.cy.json",
    },
    "fixturesFolder": "cypress/fixtures",
    "pluginsFile": false,
    "screenshotsFolder": "../../dist/cypress/apps/n/screenshots",
    "specPattern": "**/*.cy.{js,jsx,ts,tsx}",
    "supportFile": "cypress/support/component.ts",
    "video": true,
    "videosFolder": "../../dist/cypress/apps/n/videos",
  },
  "e2e": Object {
    "chromeWebSecurity": false,
    "fileServerFolder": ".",
    "fixturesFolder": "./src/fixtures",
    "integrationFolder": "./src/e2e",
    "pluginsFile": false,
    "screenshotsFolder": "../../dist/cypress/apps/myapp4299814-e2e/screenshots",
    "specPattern": "**/*.cy.{js,ts}",
    "supportFile": "./src/support/e2e.ts",
    "video": true,
    "videosFolder": "../../dist/cypress/apps/myapp4299814-e2e/videos",
  },
}
`;
